-- rFunc-rename --
renaming "sFunc" to "rFunc" not possible because "github.com/april1989/origin-go-tools/internal/lsp/rename/bad" has errors
